{
  "input": [
    "1",
    "2",
    "+"
  ],
  "result": {
    "stack": [
      "3"
    ],
    "result": "3"
  }
}