{
  "input": [
    "1",
    "2",
    "3",
    "+",
    "+"
  ],
  "result": {
    "stack": [
      "6"
    ],
    "result": "6"
  }
}