{
  "input": [
    "1"
  ],
  "result": {
    "stack": [
      "1"
    ]
  }
}