{
  "input": [
    "1",
    "2",
    "3",
    "/",
    "/"
  ],
  "result": {
    "stack": [
      "1.5"
    ],
    "result": "1.5"
  }
}