{
  "input": [
    "1",
    "2",
    "3",
    "*"
  ],
  "result": {
    "stack": [
      "6",
      "1"
    ],
    "result": "6"
  }
}