{
  "input": [
    "1",
    "2",
    "/"
  ],
  "stack": [
    "0.5"
  ]
}