{
  "input": [
    "1",
    "2",
    "3",
    "+"
  ],
  "stack": [
    "5",
    "1"
  ]
}