{
  "input": [
    "1",
    "2",
    "3",
    "/"
  ],
  "stack": [
    "0.6666666666666666",
    "1"
  ]
}