{
  "input": [
    "1",
    "2",
    "3",
    "*",
    "*"
  ],
  "stack": [
    "6"
  ]
}