{
  "input": [
    "1",
    "2",
    "3",
    "-"
  ],
  "result": {
    "stack": [
      "-1",
      "1"
    ],
    "result": "-1"
  }
}