{
  "input": [
    "1",
    "2",
    "-"
  ],
  "stack": [
    "-1"
  ]
}