{
  "input": [
    "1",
    "2",
    "3",
    "-",
    "-"
  ],
  "result": {
    "stack": [
      "2"
    ],
    "result": "2"
  }
}