{
  "input": [
    "Infinity",
    "-1",
    "*"
  ],
  "result": {
    "stack": [
      "-Infinity"
    ],
    "result": "-Infinity"
  }
}