{
  "input": [
    "NaN",
    "1",
    "+"
  ],
  "stack": [
    "NaN"
  ]
}