{
  "input": [
    "-Infinity",
    "-1",
    "*"
  ],
  "stack": [
    "Infinity"
  ]
}