{
  "input": [
    "1",
    "0",
    "/"
  ],
  "result": {
    "stack": [
      "Infinity"
    ],
    "result": "Infinity"
  }
}